# annealed L=12 N_site=432 N_tri=864 N_bond=1296 D2=0.0 D3=10.0 mu=0.0 n_eq=3000 n_meas=20000 seed=2
# T  beta  E/Ntri  C/Ntri  n_mon(frac)  chi_mon  n3/Nsite  cov(E,nmon)/Ntri  n2/Nsite  hub_frac
6.0000 0.1667 0.994861 0.09424 0.388895 0.31786 0.109657 0.06765 0.444847 0.170367
2.6629 0.3755 0.595082 0.14346 0.372164 0.30409 0.024726 0.08889 0.487811 0.158826
1.7112 0.5844 0.464754 0.13611 0.354744 0.30665 0.004817 0.09074 0.497622 0.147552
1.2606 0.7932 0.397699 0.17249 0.335123 0.29472 0.000859 0.09682 0.499564 0.135587
0.9979 1.0021 0.341459 0.27023 0.311399 0.28623 0.000142 0.12598 0.499871 0.122680
0.8258 1.2110 0.286048 0.38561 0.283338 0.28051 0.000022 0.14652 0.499919 0.109922
0.7043 1.4198 0.229983 0.54111 0.249895 0.27966 0.000003 0.17400 0.500264 0.096947
0.6140 1.6287 0.177922 0.60739 0.212869 0.26276 0.000000 0.17330 0.500016 0.084873
0.5442 1.8376 0.134987 0.61560 0.176806 0.24712 0.000000 0.16379 0.500263 0.074181
0.4887 2.0464 0.100022 0.60694 0.143229 0.22508 0.000000 0.14912 0.499649 0.066372
0.4434 2.2553 0.074080 0.52137 0.114566 0.19499 0.000000 0.12262 0.499933 0.060828
0.4058 2.4641 0.055445 0.44615 0.091125 0.16440 0.000000 0.09905 0.500121 0.055444
0.3741 2.6730 0.042807 0.37796 0.073138 0.13211 0.000000 0.07691 0.500203 0.051041
0.3470 2.8819 0.033270 0.31876 0.058941 0.10856 0.000000 0.06054 0.499895 0.047961
0.3235 3.0907 0.025992 0.28526 0.047249 0.08978 0.000000 0.04933 0.499557 0.045015
0.3031 3.2996 0.020523 0.25143 0.038016 0.07338 0.000000 0.03962 0.500094 0.042936
0.2850 3.5084 0.016465 0.21942 0.030910 0.05859 0.000000 0.03128 0.500441 0.040871
0.2690 3.7173 0.013075 0.18851 0.024883 0.04687 0.000000 0.02464 0.500142 0.039389
0.2547 3.9262 0.010421 0.17205 0.020043 0.03970 0.000000 0.02064 0.499968 0.038025
0.2418 4.1350 0.008307 0.14527 0.016091 0.03081 0.000000 0.01591 0.499817 0.037509
0.2302 4.3439 0.006726 0.13415 0.013099 0.02627 0.000000 0.01349 0.499705 0.036827
0.2196 4.5527 0.005369 0.11180 0.010510 0.02028 0.000000 0.01034 0.499733 0.036131
0.2100 4.7616 0.004338 0.10266 0.008532 0.01721 0.000000 0.00876 0.499794 0.035831
0.2012 4.9705 0.003529 0.08987 0.006955 0.01387 0.000000 0.00705 0.500072 0.035531
0.1931 5.1793 0.002884 0.07893 0.005700 0.01137 0.000000 0.00575 0.499901 0.034923
0.1856 5.3882 0.002317 0.06787 0.004588 0.00911 0.000000 0.00459 0.499992 0.034854
0.1787 5.5970 0.001879 0.05815 0.003732 0.00728 0.000000 0.00366 0.499657 0.034688
0.1722 5.8059 0.001487 0.05087 0.002957 0.00594 0.000000 0.00299 0.499961 0.034566
0.1663 6.0148 0.001241 0.04446 0.002468 0.00483 0.000000 0.00243 0.499703 0.034492
0.1607 6.2236 0.000976 0.03731 0.001945 0.00382 0.000000 0.00192 0.499922 0.034517
0.1555 6.4325 0.000789 0.03296 0.001573 0.00316 0.000000 0.00158 0.499986 0.033801
0.1506 6.6414 0.000638 0.02838 0.001274 0.00256 0.000000 0.00128 0.499835 0.034261
0.1460 6.8502 0.000524 0.02463 0.001046 0.00209 0.000000 0.00105 0.500263 0.033947
0.1417 7.0591 0.000410 0.02097 0.000819 0.00168 0.000000 0.00084 0.499910 0.033893
0.1376 7.2679 0.000358 0.01843 0.000716 0.00139 0.000000 0.00070 0.499438 0.033886
0.1337 7.4768 0.000283 0.01638 0.000565 0.00117 0.000000 0.00059 0.500084 0.033817
0.1301 7.6857 0.000223 0.01307 0.000447 0.00089 0.000000 0.00044 0.499922 0.033444
0.1267 7.8945 0.000183 0.01150 0.000366 0.00074 0.000000 0.00037 0.499857 0.033732
0.1234 8.1034 0.000151 0.00997 0.000301 0.00061 0.000000 0.00030 0.499847 0.033732
0.1203 8.3122 0.000128 0.00878 0.000255 0.00051 0.000000 0.00025 0.500201 0.034323
0.1174 8.5211 0.000100 0.00723 0.000199 0.00040 0.000000 0.00020 0.499923 0.033718
0.1145 8.7300 0.000086 0.00661 0.000173 0.00035 0.000000 0.00017 0.500288 0.033876
0.1119 8.9388 0.000062 0.00502 0.000123 0.00025 0.000000 0.00013 0.499854 0.033600
0.1093 9.1477 0.000048 0.00397 0.000096 0.00019 0.000000 0.00009 0.499878 0.033904
0.1069 9.3565 0.000046 0.00402 0.000092 0.00018 0.000000 0.00009 0.500044 0.034025
0.1045 9.5654 0.000035 0.00318 0.000071 0.00014 0.000000 0.00007 0.500024 0.033547
0.1023 9.7743 0.000028 0.00264 0.000056 0.00011 0.000000 0.00006 0.499752 0.033937
0.1002 9.9831 0.000027 0.00266 0.000054 0.00011 0.000000 0.00005 0.499741 0.033464
0.0981 10.1920 0.000019 0.00200 0.000038 0.00008 0.000000 0.00004 0.499517 0.033780
0.0961 10.4008 0.000014 0.00155 0.000029 0.00006 0.000000 0.00003 0.499849 0.033800
0.0943 10.6097 0.000011 0.00126 0.000022 0.00004 0.000000 0.00002 0.500002 0.033571
0.0924 10.8186 0.000009 0.00102 0.000017 0.00003 0.000000 0.00002 0.500209 0.034006
0.0907 11.0274 0.000009 0.00114 0.000019 0.00004 0.000000 0.00002 0.500272 0.033807
0.0890 11.2363 0.000006 0.00076 0.000012 0.00002 0.000000 0.00001 0.499985 0.033879
0.0874 11.4451 0.000007 0.00087 0.000013 0.00003 0.000000 0.00001 0.500236 0.033714
0.0858 11.6540 0.000004 0.00060 0.000009 0.00002 0.000000 0.00001 0.500189 0.034071
0.0843 11.8629 0.000004 0.00058 0.000008 0.00002 0.000000 0.00001 0.500243 0.033379
0.0828 12.0717 0.000003 0.00038 0.000005 0.00001 0.000000 0.00001 0.499732 0.033736
0.0814 12.2806 0.000002 0.00032 0.000004 0.00001 0.000000 0.00000 0.499656 0.033669
0.0801 12.4895 0.000001 0.00021 0.000003 0.00001 0.000000 0.00000 0.499688 0.033707
0.0788 12.6983 0.000001 0.00023 0.000003 0.00001 0.000000 0.00000 0.499919 0.033527
0.0775 12.9072 0.000002 0.00028 0.000003 0.00001 0.000000 0.00000 0.500023 0.033867
0.0762 13.1160 0.000001 0.00019 0.000002 0.00000 0.000000 0.00000 0.499992 0.033625
0.0750 13.3249 0.000001 0.00014 0.000002 0.00000 0.000000 0.00000 0.499890 0.033845
0.0739 13.5338 0.000001 0.00014 0.000002 0.00000 0.000000 0.00000 0.499833 0.033978
0.0728 13.7426 0.000000 0.00008 0.000001 0.00000 0.000000 0.00000 0.500339 0.033673
0.0717 13.9515 0.000000 0.00006 0.000001 0.00000 0.000000 0.00000 0.499833 0.033751
0.0706 14.1603 0.000001 0.00019 0.000002 0.00000 0.000000 0.00000 0.499955 0.033577
0.0696 14.3692 0.000001 0.00013 0.000001 0.00000 0.000000 0.00000 0.499688 0.034043
0.0686 14.5781 0.000000 0.00005 0.000000 0.00000 0.000000 0.00000 0.500093 0.034288
0.0676 14.7869 0.000000 0.00008 0.000001 0.00000 0.000000 0.00000 0.500085 0.033665
0.0667 14.9958 0.000001 0.00013 0.000001 0.00000 0.000000 0.00000 0.499830 0.034187
0.0658 15.2046 0.000000 0.00000 0.000000 0.00000 0.000000 0.00000 0.500244 0.033549
0.0649 15.4135 0.000000 0.00000 0.000000 0.00000 0.000000 0.00000 0.499900 0.033916
0.0640 15.6224 0.000000 0.00000 0.000000 0.00000 0.000000 0.00000 0.500378 0.033912
0.0632 15.8312 0.000000 0.00006 0.000000 0.00000 0.000000 0.00000 0.499992 0.033577
0.0623 16.0401 0.000000 0.00001 0.000000 0.00000 0.000000 0.00000 0.499952 0.033713
0.0615 16.2489 0.000000 0.00000 0.000000 0.00000 0.000000 0.00000 0.500076 0.033593
0.0608 16.4578 0.000000 0.00000 0.000000 0.00000 0.000000 0.00000 0.500153 0.033614
0.0600 16.6667 0.000000 0.00000 0.000000 0.00000 0.000000 0.00000 0.500021 0.033555
