/root/.local/lib/python3.11/site-packages/matplotlib/projections/__init__.py:63: UserWarning: Unable to import Axes3D. This may be due to multiple versions of Matplotlib being installed (e.g. as a system package and as a pip package). As a result, the 3D projection is not available.
  warnings.warn("Unable to import Axes3D. This may be due to multiple versions of "
# many: p=0.0404  monomers=62
# loop  lower  E_inf  certified  sector
0 107 131 True (0, 0)
1 107 131 True (0, 0)
2 107 131 True (0, 0)
3 107 131 True (0, 0)
4 108 128 True (0, 0)
5 108 128 True (0, 0)
6 108 128 True (0, 0)
7 108 133 True (0, 0)
8 108 133 True (0, 0)
9 108 133 True (0, 0)
10 108 133 True (0, 0)
11 108 133 True (0, 0)
12 108 133 True (0, 0)
13 108 133 True (0, 0)
14 108 133 True (0, 0)
15 108 133 True (0, 0)
16 108 133 True (0, 0)
17 108 133 True (0, 0)
18 108 133 True (0, 0)
19 106 126 True (0, 0)
20 106 126 True (0, 0)
